2025-11-16 19:35:07,624 [DEBUG] core: 2.00
2025-11-16 19:35:07,626 [DEBUG] core: [INFO] Adaptive QT scale factor applied: 2.00
2025-11-16 19:35:07,705 [DEBUG] core: Set up SQLite database successfully
2025-11-16 19:35:09,279 [WARNING] core: MotorUnitAnalysisWidget does not have 'set_export_window_opener' method.
2025-11-16 19:35:09,407 [DEBUG] core: Initializing offline_EMG with save_dir=C:\Users\cryst\cs3900\capstone-project-25t3-3900-w14b-banana\src\app\temp, to_filter=True
2025-11-16 19:35:09,407 [DEBUG] core: Initializing EMG base class
2025-11-16 19:35:09,408 [INFO] core: EMG initialization parameters: its=20, sil_thr=0.9, cov_thr=0.5
2025-11-16 19:35:09,502 [DEBUG] core: creating manual editing view
2025-11-16 19:35:09,613 [DEBUG] core: Switching to Import Data view
2025-11-16 19:35:40,972 [DEBUG] core: 2.00
2025-11-16 19:35:40,973 [DEBUG] core: [INFO] Adaptive QT scale factor applied: 2.00
2025-11-16 19:35:41,137 [DEBUG] core: Set up SQLite database successfully
2025-11-16 19:35:43,364 [WARNING] core: MotorUnitAnalysisWidget does not have 'set_export_window_opener' method.
2025-11-16 19:35:43,796 [DEBUG] core: Initializing offline_EMG with save_dir=C:\Users\cryst\cs3900\capstone-project-25t3-3900-w14b-banana\src\app\temp, to_filter=True
2025-11-16 19:35:43,796 [DEBUG] core: Initializing EMG base class
2025-11-16 19:35:43,796 [INFO] core: EMG initialization parameters: its=20, sil_thr=0.9, cov_thr=0.5
2025-11-16 19:35:44,118 [DEBUG] core: creating manual editing view
2025-11-16 19:35:44,508 [DEBUG] core: Switching to Import Data view
2025-11-16 19:36:11,773 [DEBUG] core: Initializing offline_EMG with save_dir=C:\Users\cryst\cs3900\capstone-project-25t3-3900-w14b-banana\src\app\temp, to_filter=True
2025-11-16 19:36:11,773 [DEBUG] core: Initializing EMG base class
2025-11-16 19:36:11,774 [INFO] core: EMG initialization parameters: its=20, sil_thr=0.9, cov_thr=0.5
2025-11-16 19:36:11,774 [DEBUG] core: Opening OTB file: C:/Users/cryst/cs3900/capstone-project-25t3-3900-w14b-banana/data/trial1_20MVC.otb+
2025-11-16 19:36:11,774 [DEBUG] core: openingC:/Users/cryst/cs3900/capstone-project-25t3-3900-w14b-banana/data/trial1_20MVC.otb+
2025-11-16 19:36:11,774 [DEBUG] core: Using temporary directory: C:\Users\cryst\AppData\Local\Temp\tmpmv1u3_gh
2025-11-16 19:36:11,774 [DEBUG] core: Extracting OTB archive...
2025-11-16 19:36:11,859 [DEBUG] core: Extraction complete
2025-11-16 19:36:11,859 [DEBUG] core: Found 1 signal files: ['20240313132321_07.sig']
2025-11-16 19:36:11,859 [DEBUG] core: Using signal file: C:\Users\cryst\AppData\Local\Temp\tmpmv1u3_gh\20240313132321_07.sig
2025-11-16 19:36:11,859 [DEBUG] core: Using XML file: C:\Users\cryst\AppData\Local\Temp\tmpmv1u3_gh\20240313132321_07.xml
2025-11-16 19:36:11,859 [DEBUG] core: Parsing XML configuration...
2025-11-16 19:36:11,875 [DEBUG] core: Parsed XML: fsamp=2048Hz, nADbit=16, nchans=137
2025-11-16 19:36:11,875 [DEBUG] core: Reading EMG data...
2025-11-16 19:36:11,923 [DEBUG] core: EMG data shape: (137, 105357)
2025-11-16 19:36:11,923 [DEBUG] core: Converting data from bits to microvolts...
2025-11-16 19:36:12,100 [DEBUG] core: Conversion complete
2025-11-16 19:36:12,185 [DEBUG] core: Found 3 SIP files: ['C:\\Users\\cryst\\AppData\\Local\\Temp\\tmpmv1u3_gh\\trapezoidalpath240313133455409_1.sip', 'C:\\Users\\cryst\\AppData\\Local\\Temp\\tmpmv1u3_gh\\trapezoidalpath240313133455409_2.sip', 'C:\\Users\\cryst\\AppData\\Local\\Temp\\tmpmv1u3_gh\\trapezoidalpath240313133455409_3.sip']
2025-11-16 19:36:12,185 [DEBUG] core: Reference signals exist, loading target and path data...
2025-11-16 19:36:12,195 [INFO] core: Path data loaded, shape: (105357,)
2025-11-16 19:36:12,207 [INFO] core: Target data loaded, shape: (105357,)
2025-11-16 19:36:15,098 [DEBUG] core: Creating decomposition view with provided data
2025-11-16 19:36:15,614 [DEBUG] core: Switching to Decomposition View
2025-11-16 19:36:19,664 [DEBUG] core: Data saved successfully
2025-11-16 19:36:22,200 [DEBUG] core: Data saved successfully
2025-11-16 19:36:37,037 [DEBUG] core: Switching to Manual Editing View
2025-11-16 19:36:37,046 [DEBUG] core: Switching to Manual Editing View
2025-11-16 19:36:38,725 [DEBUG] core: Switching to MU Analysis View
2025-11-16 19:36:38,737 [DEBUG] core: Switching to MU Analysis View
2025-11-16 19:36:40,800 [DEBUG] core: Switching to Manual Editing View
2025-11-16 19:36:40,808 [DEBUG] core: Switching to Manual Editing View
2025-11-16 19:36:41,929 [DEBUG] core: Switching to MU Analysis View
2025-11-16 19:36:41,933 [DEBUG] core: Switching to MU Analysis View
2025-11-16 19:36:42,954 [DEBUG] core: Switching to Manual Editing View
2025-11-16 19:36:42,960 [DEBUG] core: Switching to Manual Editing View
2025-11-16 19:36:44,946 [DEBUG] core: Switching to Import Data view
2025-11-16 19:36:44,952 [DEBUG] core: Switching to Import Data view
2025-11-16 19:36:55,457 [DEBUG] core: Initializing offline_EMG with save_dir=C:\Users\cryst\cs3900\capstone-project-25t3-3900-w14b-banana\src\app\temp, to_filter=True
2025-11-16 19:36:55,457 [DEBUG] core: Initializing EMG base class
2025-11-16 19:36:55,457 [INFO] core: EMG initialization parameters: its=20, sil_thr=0.9, cov_thr=0.5
2025-11-16 19:36:55,457 [DEBUG] core: Opening OTB file: C:/Users/cryst/cs3900/capstone-project-25t3-3900-w14b-banana/data/trial1_20MVC.otb+
2025-11-16 19:36:55,457 [DEBUG] core: openingC:/Users/cryst/cs3900/capstone-project-25t3-3900-w14b-banana/data/trial1_20MVC.otb+
2025-11-16 19:36:55,457 [DEBUG] core: Using temporary directory: C:\Users\cryst\AppData\Local\Temp\tmpkhxhvath
2025-11-16 19:36:55,457 [DEBUG] core: Extracting OTB archive...
2025-11-16 19:36:55,517 [DEBUG] core: Extraction complete
2025-11-16 19:36:55,517 [DEBUG] core: Found 1 signal files: ['20240313132321_07.sig']
2025-11-16 19:36:55,517 [DEBUG] core: Using signal file: C:\Users\cryst\AppData\Local\Temp\tmpkhxhvath\20240313132321_07.sig
2025-11-16 19:36:55,517 [DEBUG] core: Using XML file: C:\Users\cryst\AppData\Local\Temp\tmpkhxhvath\20240313132321_07.xml
2025-11-16 19:36:55,517 [DEBUG] core: Parsing XML configuration...
2025-11-16 19:36:55,531 [DEBUG] core: Parsed XML: fsamp=2048Hz, nADbit=16, nchans=137
2025-11-16 19:36:55,531 [DEBUG] core: Reading EMG data...
2025-11-16 19:36:55,581 [DEBUG] core: EMG data shape: (137, 105357)
2025-11-16 19:36:55,581 [DEBUG] core: Converting data from bits to microvolts...
2025-11-16 19:36:55,754 [DEBUG] core: Conversion complete
2025-11-16 19:36:55,880 [DEBUG] core: Found 3 SIP files: ['C:\\Users\\cryst\\AppData\\Local\\Temp\\tmpkhxhvath\\trapezoidalpath240313133455409_1.sip', 'C:\\Users\\cryst\\AppData\\Local\\Temp\\tmpkhxhvath\\trapezoidalpath240313133455409_2.sip', 'C:\\Users\\cryst\\AppData\\Local\\Temp\\tmpkhxhvath\\trapezoidalpath240313133455409_3.sip']
2025-11-16 19:36:55,880 [DEBUG] core: Reference signals exist, loading target and path data...
2025-11-16 19:36:55,895 [INFO] core: Path data loaded, shape: (105357,)
2025-11-16 19:36:55,911 [INFO] core: Target data loaded, shape: (105357,)
2025-11-16 19:36:56,859 [DEBUG] core: Switching to Decomposition View
2025-11-16 19:37:02,569 [INFO] core: Algorithm chosen: Fast ICA
2025-11-16 19:37:02,569 [DEBUG] core: {'checkEMG': 1, 'peeloff': 1, 'covfilter': 1, 'initialization': 1, 'refineMU': 1, 'duplicatesbgrids': 1, 'NITER': 3, 'nwindows': 1, 'thresholdtarget': 0.9, 'nbextchan': 1000, 'duplicatesthresh': 0.3, 'silthr': 0.9, 'covthr': 0.5, 'CoVDR': 0.3, 'edges': 0.2, 'contrastfunc': 'skew', 'peeloffwin': 0.025, 'differentialmode': 0, 'drawingmode': 0, 'enable_plots': True}
2025-11-16 19:37:02,577 [DEBUG] core: Starting electrode formatting
2025-11-16 19:37:02,577 [DEBUG] core: Grid names: ['GR04MM1305', 'GR04MM1305']
2025-11-16 19:37:02,577 [DEBUG] core: Initialized filtered_data with shape (128, 105357)
2025-11-16 19:37:02,578 [DEBUG] core: 
Processing grid 1/2: GR04MM1305
2025-11-16 19:37:02,578 [DEBUG] core: Configuring GR04MM1305 (4mm grid)
2025-11-16 19:37:02,578 [DEBUG] core: Set coordinates for electrode 0, shape: (64, 2)
2025-11-16 19:37:02,578 [DEBUG] core: Electrode 0 dimensions: rows=13, columns=5
2025-11-16 19:37:02,578 [DEBUG] core: Filtering data for electrode 1...
2025-11-16 19:37:02,578 [DEBUG] core: Applying notch filter to electrode 1...
2025-11-16 19:37:03,517 [DEBUG] core: Applying bandpass filter to electrode 1 with type surface...
2025-11-16 19:37:03,536 [DEBUG] core: Data saved successfully
2025-11-16 19:37:03,673 [DEBUG] core: 
Processing grid 2/2: GR04MM1305
2025-11-16 19:37:03,674 [DEBUG] core: Configuring GR04MM1305 (4mm grid)
2025-11-16 19:37:03,674 [DEBUG] core: Set coordinates for electrode 1, shape: (64, 2)
2025-11-16 19:37:03,674 [DEBUG] core: Electrode 1 dimensions: rows=13, columns=5
2025-11-16 19:37:03,674 [DEBUG] core: Filtering data for electrode 2...
2025-11-16 19:37:03,674 [DEBUG] core: Applying notch filter to electrode 2...
2025-11-16 19:37:05,171 [DEBUG] core: Data saved successfully
2025-11-16 19:37:05,535 [DEBUG] core: Applying bandpass filter to electrode 2 with type surface...
2025-11-16 19:37:05,843 [DEBUG] core: Electrode formatting results:
2025-11-16 19:37:05,844 [DEBUG] core:   - c_maps: [5, 5]
2025-11-16 19:37:05,844 [DEBUG] core:   - r_maps: [13, 13]
2025-11-16 19:37:05,844 [DEBUG] core:   - IEDs: [4, 4]
2025-11-16 19:37:05,844 [DEBUG] core:   - Channels per electrode: [64, 64]
2025-11-16 19:37:05,844 [DEBUG] core:   - EMG types: ['surface', 'surface']
2025-11-16 19:37:05,844 [DEBUG] core: Starting channel rejection
2025-11-16 19:37:05,845 [DEBUG] core: Channel rejection completed - 0 channels rejected
2025-11-16 19:37:05,850 [DEBUG] core: Starting signal batching with target
2025-11-16 19:37:05,867 [INFO] core: Plateau range: 34688 to 69631, length: 34944
2025-11-16 19:37:05,867 [INFO] core: Single window with continuous plateau
2025-11-16 19:37:05,868 [INFO] core: Number of intervals: 1
2025-11-16 19:37:05,868 [DEBUG] core: Batching grid 1/2
2025-11-16 19:37:05,876 [DEBUG] core: Batching grid 2/2
2025-11-16 19:37:05,884 [DEBUG] core: Created 2 batched data segments
2025-11-16 19:37:06,598 [DEBUG] core: Starting convolutive sphering for electrode 1, interval 1
2025-11-16 19:37:12,895 [DEBUG] core: Completed convolutive sphering for electrode 1, interval 1
2025-11-16 19:37:12,895 [DEBUG] core: Starting FastICA for electrode 1, interval 1, contrast=skew, iterations=3
2025-11-16 19:37:17,628 [DEBUG] core: Iteration 1/3 - SIL: 0.9501, CoV: 0.1558, Spikes: 173
2025-11-16 19:37:22,025 [DEBUG] core: Iteration 2/3 - SIL: 0.9590, CoV: 0.1149, Spikes: 191
2025-11-16 19:37:24,926 [DEBUG] core: Iteration 3/3 - SIL: 0.9362, CoV: 0.1743, Spikes: 226
2025-11-16 19:37:24,927 [DEBUG] core: 
Applying thresholds to MU filters...
2025-11-16 19:37:24,927 [INFO] core: Units meeting both criteria: 3/3
2025-11-16 19:37:24,927 [INFO] core: Extracted 3 motor units that meet thresholds
2025-11-16 19:37:24,927 [DEBUG] core: FastICA and CKC completed for electrode 1, interval 1
2025-11-16 19:37:24,951 [DEBUG] core: Starting post-processing for electrode 1
2025-11-16 19:37:24,985 [DEBUG] core: Batch processing MU#1 out of 3 MUs
2025-11-16 19:37:25,017 [DEBUG] core: Batch processing MU#2 out of 3 MUs
2025-11-16 19:37:25,047 [DEBUG] core: Batch processing MU#3 out of 3 MUs
2025-11-16 19:37:25,048 [INFO] core: Found 3 motor units
2025-11-16 19:37:25,169 [INFO] core: After duplicate removal: 3 motor units
2025-11-16 19:37:29,117 [DEBUG] core: Refined 3 MUs
2025-11-16 19:37:29,244 [INFO] core: Adding 3 pulse trains to results
2025-11-16 19:37:29,244 [DEBUG] core: Post-processing completed for electrode 1
2025-11-16 19:37:29,650 [DEBUG] core: Starting convolutive sphering for electrode 2, interval 1
2025-11-16 19:37:34,447 [DEBUG] core: Completed convolutive sphering for electrode 2, interval 1
2025-11-16 19:37:34,447 [DEBUG] core: Starting FastICA for electrode 2, interval 1, contrast=skew, iterations=3
2025-11-16 19:37:38,329 [DEBUG] core: Iteration 1/3 - SIL: 0.9603, CoV: 0.1746, Spikes: 200
2025-11-16 19:37:44,444 [DEBUG] core: Iteration 2/3 - SIL: 0.9660, CoV: 0.1639, Spikes: 190
2025-11-16 19:37:55,253 [DEBUG] core: Iteration 3/3 - SIL: 0.9561, CoV: 0.2740, Spikes: 48
2025-11-16 19:37:55,253 [DEBUG] core: 
Applying thresholds to MU filters...
2025-11-16 19:37:55,253 [INFO] core: Units meeting both criteria: 3/3
2025-11-16 19:37:55,254 [INFO] core: Extracted 3 motor units that meet thresholds
2025-11-16 19:37:55,254 [DEBUG] core: FastICA and CKC completed for electrode 2, interval 1
2025-11-16 19:37:55,276 [DEBUG] core: Starting post-processing for electrode 2
2025-11-16 19:37:55,328 [DEBUG] core: Batch processing MU#1 out of 3 MUs
2025-11-16 19:37:55,372 [DEBUG] core: Batch processing MU#2 out of 3 MUs
2025-11-16 19:37:55,416 [DEBUG] core: Batch processing MU#3 out of 3 MUs
2025-11-16 19:37:55,416 [INFO] core: Found 3 motor units
2025-11-16 19:37:55,727 [INFO] core: After duplicate removal: 3 motor units
2025-11-16 19:38:02,087 [DEBUG] core: Refined 3 MUs
2025-11-16 19:38:02,217 [INFO] core: Adding 3 pulse trains to results
2025-11-16 19:38:02,218 [DEBUG] core: Post-processing completed for electrode 2
2025-11-16 19:38:02,218 [DEBUG] core: Starting post-processing across arrays
2025-11-16 19:38:02,221 [DEBUG] core: Duplicate between grids: 1
2025-11-16 19:38:02,222 [INFO] core: Found 2 electrode arrays with data
2025-11-16 19:38:02,222 [INFO] core: Array 1 has 3 motor units
2025-11-16 19:38:02,222 [INFO] core: Array 2 has 3 motor units
2025-11-16 19:38:02,222 [INFO] core: Total motor unit count: 6
2025-11-16 19:38:02,222 [DEBUG] core: Consolidating motor units from all arrays...
2025-11-16 19:38:02,225 [DEBUG] core: Removing duplicates across arrays...
2025-11-16 19:38:03,109 [INFO] core: After duplicate removal: 5 motor units
2025-11-16 19:38:03,109 [DEBUG] core: Regrouping motor units by electrode...
2025-11-16 19:38:03,110 [INFO] core: Found 2 MUs for array 1
2025-11-16 19:38:03,110 [INFO] core: Found 3 MUs for array 2
2025-11-16 19:38:03,111 [DEBUG] core: Processing across electrodes complete
2025-11-16 19:38:03,552 [DEBUG] core: Starting save_state()
2025-11-16 19:38:03,552 [DEBUG] core: Ensuring state directory exists at: C:\Users\cryst\hdemg_states
2025-11-16 19:38:03,552 [DEBUG] core: Generated default state name: 20251116_193803_trial1_20MVC.otb+
2025-11-16 19:38:03,552 [DEBUG] core: Preparing state for file: trial1_20MVC.otb+
2025-11-16 19:38:03,553 [INFO] core: Detected 5 motor units
2025-11-16 19:38:03,553 [INFO] core: EMG data extracted for channel viewer: (128, 105357)
2025-11-16 19:38:04,357 [DEBUG] core: Saving serialized state to C:\Users\cryst\hdemg_states\20251116_193803_trial1_20MVC.otb+.decomp
2025-11-16 19:38:06,001 [INFO] core: State saved successfully to C:\Users\cryst\hdemg_states\20251116_193803_trial1_20MVC.otb+.decomp
2025-11-16 19:38:06,510 [DEBUG] core: Parent exists but does not have add_recent_visualization method
2025-11-16 19:39:58,967 [DEBUG] core: navigating to editing mode with file: trial1_20MVC.otb+_fixed_for_editing.mat
2025-11-16 19:39:59,393 [ERROR] core: Error loading field Dischargetimes: Expecting value: line 1 column 1 (char 0)
Traceback (most recent call last):
  File "C:\Users\cryst\cs3900\capstone-project-25t3-3900-w14b-banana\src\app\muEditFunctions\importer.py", line 192, in import_edited_file
    raw_dict = json.loads(str_val)
  File "C:\Program Files\WindowsApps\PythonSoftwareFoundation.Python.3.13_3.13.2544.0_x64__qbz5n2kfra8p0\Lib\json\__init__.py", line 346, in loads
    return _default_decoder.decode(s)
           ~~~~~~~~~~~~~~~~~~~~~~~^^^
  File "C:\Program Files\WindowsApps\PythonSoftwareFoundation.Python.3.13_3.13.2544.0_x64__qbz5n2kfra8p0\Lib\json\decoder.py", line 345, in decode
    obj, end = self.raw_decode(s, idx=_w(s, 0).end())
               ~~~~~~~~~~~~~~~^^^^^^^^^^^^^^^^^^^^^^^
  File "C:\Program Files\WindowsApps\PythonSoftwareFoundation.Python.3.13_3.13.2544.0_x64__qbz5n2kfra8p0\Lib\json\decoder.py", line 363, in raw_decode
    raise JSONDecodeError("Expecting value", s, err.value) from None
json.decoder.JSONDecodeError: Expecting value: line 1 column 1 (char 0)
2025-11-16 19:39:59,405 [ERROR] core: Error loading field silval: Expecting value: line 1 column 1 (char 0)
Traceback (most recent call last):
  File "C:\Users\cryst\cs3900\capstone-project-25t3-3900-w14b-banana\src\app\muEditFunctions\importer.py", line 192, in import_edited_file
    raw_dict = json.loads(str_val)
  File "C:\Program Files\WindowsApps\PythonSoftwareFoundation.Python.3.13_3.13.2544.0_x64__qbz5n2kfra8p0\Lib\json\__init__.py", line 346, in loads
    return _default_decoder.decode(s)
           ~~~~~~~~~~~~~~~~~~~~~~~^^^
  File "C:\Program Files\WindowsApps\PythonSoftwareFoundation.Python.3.13_3.13.2544.0_x64__qbz5n2kfra8p0\Lib\json\decoder.py", line 345, in decode
    obj, end = self.raw_decode(s, idx=_w(s, 0).end())
               ~~~~~~~~~~~~~~~^^^^^^^^^^^^^^^^^^^^^^^
  File "C:\Program Files\WindowsApps\PythonSoftwareFoundation.Python.3.13_3.13.2544.0_x64__qbz5n2kfra8p0\Lib\json\decoder.py", line 363, in raw_decode
    raise JSONDecodeError("Expecting value", s, err.value) from None
json.decoder.JSONDecodeError: Expecting value: line 1 column 1 (char 0)
2025-11-16 19:39:59,406 [ERROR] core: Error loading field silvalcon: Expecting value: line 1 column 1 (char 0)
Traceback (most recent call last):
  File "C:\Users\cryst\cs3900\capstone-project-25t3-3900-w14b-banana\src\app\muEditFunctions\importer.py", line 192, in import_edited_file
    raw_dict = json.loads(str_val)
  File "C:\Program Files\WindowsApps\PythonSoftwareFoundation.Python.3.13_3.13.2544.0_x64__qbz5n2kfra8p0\Lib\json\__init__.py", line 346, in loads
    return _default_decoder.decode(s)
           ~~~~~~~~~~~~~~~~~~~~~~~^^^
  File "C:\Program Files\WindowsApps\PythonSoftwareFoundation.Python.3.13_3.13.2544.0_x64__qbz5n2kfra8p0\Lib\json\decoder.py", line 345, in decode
    obj, end = self.raw_decode(s, idx=_w(s, 0).end())
               ~~~~~~~~~~~~~~~^^^^^^^^^^^^^^^^^^^^^^^
  File "C:\Program Files\WindowsApps\PythonSoftwareFoundation.Python.3.13_3.13.2544.0_x64__qbz5n2kfra8p0\Lib\json\decoder.py", line 363, in raw_decode
    raise JSONDecodeError("Expecting value", s, err.value) from None
json.decoder.JSONDecodeError: Expecting value: line 1 column 1 (char 0)
2025-11-16 19:39:59,407 [DEBUG] core: File import complete
2025-11-16 19:39:59,422 [DEBUG] core: Switching to Manual Editing View
2025-11-16 19:39:59,429 [DEBUG] core: successfully navigated to MU editing view with data loaded
2025-11-16 19:40:07,013 [DEBUG] core: Switching to Decomposition View
2025-11-16 19:40:07,015 [DEBUG] core: Switching to Decomposition View
2025-11-16 19:40:17,668 [DEBUG] core: Switching to Manual Editing View
2025-11-16 19:40:17,676 [DEBUG] core: Switching to Manual Editing View
2025-11-16 19:40:21,320 [DEBUG] core: navigating to editing mode with file: trial1_20MVC.otb+_fixed_for_editing.mat
2025-11-16 19:40:21,817 [ERROR] core: Error loading field Dischargetimes: Expecting value: line 1 column 1 (char 0)
Traceback (most recent call last):
  File "C:\Users\cryst\cs3900\capstone-project-25t3-3900-w14b-banana\src\app\muEditFunctions\importer.py", line 192, in import_edited_file
    raw_dict = json.loads(str_val)
  File "C:\Program Files\WindowsApps\PythonSoftwareFoundation.Python.3.13_3.13.2544.0_x64__qbz5n2kfra8p0\Lib\json\__init__.py", line 346, in loads
    return _default_decoder.decode(s)
           ~~~~~~~~~~~~~~~~~~~~~~~^^^
  File "C:\Program Files\WindowsApps\PythonSoftwareFoundation.Python.3.13_3.13.2544.0_x64__qbz5n2kfra8p0\Lib\json\decoder.py", line 345, in decode
    obj, end = self.raw_decode(s, idx=_w(s, 0).end())
               ~~~~~~~~~~~~~~~^^^^^^^^^^^^^^^^^^^^^^^
  File "C:\Program Files\WindowsApps\PythonSoftwareFoundation.Python.3.13_3.13.2544.0_x64__qbz5n2kfra8p0\Lib\json\decoder.py", line 363, in raw_decode
    raise JSONDecodeError("Expecting value", s, err.value) from None
json.decoder.JSONDecodeError: Expecting value: line 1 column 1 (char 0)
2025-11-16 19:40:21,819 [ERROR] core: Error loading field silval: Expecting value: line 1 column 1 (char 0)
Traceback (most recent call last):
  File "C:\Users\cryst\cs3900\capstone-project-25t3-3900-w14b-banana\src\app\muEditFunctions\importer.py", line 192, in import_edited_file
    raw_dict = json.loads(str_val)
  File "C:\Program Files\WindowsApps\PythonSoftwareFoundation.Python.3.13_3.13.2544.0_x64__qbz5n2kfra8p0\Lib\json\__init__.py", line 346, in loads
    return _default_decoder.decode(s)
           ~~~~~~~~~~~~~~~~~~~~~~~^^^
  File "C:\Program Files\WindowsApps\PythonSoftwareFoundation.Python.3.13_3.13.2544.0_x64__qbz5n2kfra8p0\Lib\json\decoder.py", line 345, in decode
    obj, end = self.raw_decode(s, idx=_w(s, 0).end())
               ~~~~~~~~~~~~~~~^^^^^^^^^^^^^^^^^^^^^^^
  File "C:\Program Files\WindowsApps\PythonSoftwareFoundation.Python.3.13_3.13.2544.0_x64__qbz5n2kfra8p0\Lib\json\decoder.py", line 363, in raw_decode
    raise JSONDecodeError("Expecting value", s, err.value) from None
json.decoder.JSONDecodeError: Expecting value: line 1 column 1 (char 0)
2025-11-16 19:40:21,820 [ERROR] core: Error loading field silvalcon: Expecting value: line 1 column 1 (char 0)
Traceback (most recent call last):
  File "C:\Users\cryst\cs3900\capstone-project-25t3-3900-w14b-banana\src\app\muEditFunctions\importer.py", line 192, in import_edited_file
    raw_dict = json.loads(str_val)
  File "C:\Program Files\WindowsApps\PythonSoftwareFoundation.Python.3.13_3.13.2544.0_x64__qbz5n2kfra8p0\Lib\json\__init__.py", line 346, in loads
    return _default_decoder.decode(s)
           ~~~~~~~~~~~~~~~~~~~~~~~^^^
  File "C:\Program Files\WindowsApps\PythonSoftwareFoundation.Python.3.13_3.13.2544.0_x64__qbz5n2kfra8p0\Lib\json\decoder.py", line 345, in decode
    obj, end = self.raw_decode(s, idx=_w(s, 0).end())
               ~~~~~~~~~~~~~~~^^^^^^^^^^^^^^^^^^^^^^^
  File "C:\Program Files\WindowsApps\PythonSoftwareFoundation.Python.3.13_3.13.2544.0_x64__qbz5n2kfra8p0\Lib\json\decoder.py", line 363, in raw_decode
    raise JSONDecodeError("Expecting value", s, err.value) from None
json.decoder.JSONDecodeError: Expecting value: line 1 column 1 (char 0)
2025-11-16 19:40:21,822 [DEBUG] core: File import complete
2025-11-16 19:40:21,822 [ERROR] core: Error setting reference: module 'core.logger' has no attribute 'debug'
Traceback (most recent call last):
  File "C:\Users\cryst\cs3900\capstone-project-25t3-3900-w14b-banana\src\app\MUeditManual.py", line 497, in reference_dropdown_value_changed
    mu_checkbox_state_changed(self)
    ~~~~~~~~~~~~~~~~~~~~~~~~~^^^^^^
  File "C:\Users\cryst\cs3900\capstone-project-25t3-3900-w14b-banana\src\app\muEditFunctions\mu_selection.py", line 155, in mu_checkbox_state_changed
    display_selected_mus(self, checked_mus, pluse_train_color)
    ~~~~~~~~~~~~~~~~~~~~^^^^^^^^^^^^^^^^^^^^^^^^^^^^^^^^^^^^^^
  File "C:\Users\cryst\cs3900\capstone-project-25t3-3900-w14b-banana\src\app\muEditFunctions\mu_selection.py", line 290, in display_selected_mus
    logger.debug("display_selected_mus ")
    ^^^^^^^^^^^^
AttributeError: module 'core.logger' has no attribute 'debug'
2025-11-16 19:40:21,845 [DEBUG] core: Switching to Manual Editing View
2025-11-16 19:40:21,845 [DEBUG] core: successfully navigated to MU editing view with data loaded
2025-11-16 19:40:22,068 [DEBUG] core: navigating to editing mode with file: trial1_20MVC.otb+_fixed_for_editing.mat
2025-11-16 19:40:22,507 [ERROR] core: Error loading field Dischargetimes: Expecting value: line 1 column 1 (char 0)
Traceback (most recent call last):
  File "C:\Users\cryst\cs3900\capstone-project-25t3-3900-w14b-banana\src\app\muEditFunctions\importer.py", line 192, in import_edited_file
    raw_dict = json.loads(str_val)
  File "C:\Program Files\WindowsApps\PythonSoftwareFoundation.Python.3.13_3.13.2544.0_x64__qbz5n2kfra8p0\Lib\json\__init__.py", line 346, in loads
    return _default_decoder.decode(s)
           ~~~~~~~~~~~~~~~~~~~~~~~^^^
  File "C:\Program Files\WindowsApps\PythonSoftwareFoundation.Python.3.13_3.13.2544.0_x64__qbz5n2kfra8p0\Lib\json\decoder.py", line 345, in decode
    obj, end = self.raw_decode(s, idx=_w(s, 0).end())
               ~~~~~~~~~~~~~~~^^^^^^^^^^^^^^^^^^^^^^^
  File "C:\Program Files\WindowsApps\PythonSoftwareFoundation.Python.3.13_3.13.2544.0_x64__qbz5n2kfra8p0\Lib\json\decoder.py", line 363, in raw_decode
    raise JSONDecodeError("Expecting value", s, err.value) from None
json.decoder.JSONDecodeError: Expecting value: line 1 column 1 (char 0)
2025-11-16 19:40:22,508 [ERROR] core: Error loading field silval: Expecting value: line 1 column 1 (char 0)
Traceback (most recent call last):
  File "C:\Users\cryst\cs3900\capstone-project-25t3-3900-w14b-banana\src\app\muEditFunctions\importer.py", line 192, in import_edited_file
    raw_dict = json.loads(str_val)
  File "C:\Program Files\WindowsApps\PythonSoftwareFoundation.Python.3.13_3.13.2544.0_x64__qbz5n2kfra8p0\Lib\json\__init__.py", line 346, in loads
    return _default_decoder.decode(s)
           ~~~~~~~~~~~~~~~~~~~~~~~^^^
  File "C:\Program Files\WindowsApps\PythonSoftwareFoundation.Python.3.13_3.13.2544.0_x64__qbz5n2kfra8p0\Lib\json\decoder.py", line 345, in decode
    obj, end = self.raw_decode(s, idx=_w(s, 0).end())
               ~~~~~~~~~~~~~~~^^^^^^^^^^^^^^^^^^^^^^^
  File "C:\Program Files\WindowsApps\PythonSoftwareFoundation.Python.3.13_3.13.2544.0_x64__qbz5n2kfra8p0\Lib\json\decoder.py", line 363, in raw_decode
    raise JSONDecodeError("Expecting value", s, err.value) from None
json.decoder.JSONDecodeError: Expecting value: line 1 column 1 (char 0)
2025-11-16 19:40:22,508 [ERROR] core: Error loading field silvalcon: Expecting value: line 1 column 1 (char 0)
Traceback (most recent call last):
  File "C:\Users\cryst\cs3900\capstone-project-25t3-3900-w14b-banana\src\app\muEditFunctions\importer.py", line 192, in import_edited_file
    raw_dict = json.loads(str_val)
  File "C:\Program Files\WindowsApps\PythonSoftwareFoundation.Python.3.13_3.13.2544.0_x64__qbz5n2kfra8p0\Lib\json\__init__.py", line 346, in loads
    return _default_decoder.decode(s)
           ~~~~~~~~~~~~~~~~~~~~~~~^^^
  File "C:\Program Files\WindowsApps\PythonSoftwareFoundation.Python.3.13_3.13.2544.0_x64__qbz5n2kfra8p0\Lib\json\decoder.py", line 345, in decode
    obj, end = self.raw_decode(s, idx=_w(s, 0).end())
               ~~~~~~~~~~~~~~~^^^^^^^^^^^^^^^^^^^^^^^
  File "C:\Program Files\WindowsApps\PythonSoftwareFoundation.Python.3.13_3.13.2544.0_x64__qbz5n2kfra8p0\Lib\json\decoder.py", line 363, in raw_decode
    raise JSONDecodeError("Expecting value", s, err.value) from None
json.decoder.JSONDecodeError: Expecting value: line 1 column 1 (char 0)
2025-11-16 19:40:22,509 [DEBUG] core: File import complete
2025-11-16 19:40:22,509 [ERROR] core: Error setting reference: module 'core.logger' has no attribute 'debug'
Traceback (most recent call last):
  File "C:\Users\cryst\cs3900\capstone-project-25t3-3900-w14b-banana\src\app\MUeditManual.py", line 497, in reference_dropdown_value_changed
    mu_checkbox_state_changed(self)
    ~~~~~~~~~~~~~~~~~~~~~~~~~^^^^^^
  File "C:\Users\cryst\cs3900\capstone-project-25t3-3900-w14b-banana\src\app\muEditFunctions\mu_selection.py", line 155, in mu_checkbox_state_changed
    display_selected_mus(self, checked_mus, pluse_train_color)
    ~~~~~~~~~~~~~~~~~~~~^^^^^^^^^^^^^^^^^^^^^^^^^^^^^^^^^^^^^^
  File "C:\Users\cryst\cs3900\capstone-project-25t3-3900-w14b-banana\src\app\muEditFunctions\mu_selection.py", line 290, in display_selected_mus
    logger.debug("display_selected_mus ")
    ^^^^^^^^^^^^
AttributeError: module 'core.logger' has no attribute 'debug'
2025-11-16 19:40:22,526 [DEBUG] core: Switching to Manual Editing View
2025-11-16 19:40:22,526 [DEBUG] core: successfully navigated to MU editing view with data loaded
2025-11-16 19:40:24,487 [DEBUG] core: navigating to editing mode with file: trial1_20MVC.otb+_fixed_for_editing.mat
2025-11-16 19:40:24,925 [ERROR] core: Error loading field Dischargetimes: Expecting value: line 1 column 1 (char 0)
Traceback (most recent call last):
  File "C:\Users\cryst\cs3900\capstone-project-25t3-3900-w14b-banana\src\app\muEditFunctions\importer.py", line 192, in import_edited_file
    raw_dict = json.loads(str_val)
  File "C:\Program Files\WindowsApps\PythonSoftwareFoundation.Python.3.13_3.13.2544.0_x64__qbz5n2kfra8p0\Lib\json\__init__.py", line 346, in loads
    return _default_decoder.decode(s)
           ~~~~~~~~~~~~~~~~~~~~~~~^^^
  File "C:\Program Files\WindowsApps\PythonSoftwareFoundation.Python.3.13_3.13.2544.0_x64__qbz5n2kfra8p0\Lib\json\decoder.py", line 345, in decode
    obj, end = self.raw_decode(s, idx=_w(s, 0).end())
               ~~~~~~~~~~~~~~~^^^^^^^^^^^^^^^^^^^^^^^
  File "C:\Program Files\WindowsApps\PythonSoftwareFoundation.Python.3.13_3.13.2544.0_x64__qbz5n2kfra8p0\Lib\json\decoder.py", line 363, in raw_decode
    raise JSONDecodeError("Expecting value", s, err.value) from None
json.decoder.JSONDecodeError: Expecting value: line 1 column 1 (char 0)
2025-11-16 19:40:24,926 [ERROR] core: Error loading field silval: Expecting value: line 1 column 1 (char 0)
Traceback (most recent call last):
  File "C:\Users\cryst\cs3900\capstone-project-25t3-3900-w14b-banana\src\app\muEditFunctions\importer.py", line 192, in import_edited_file
    raw_dict = json.loads(str_val)
  File "C:\Program Files\WindowsApps\PythonSoftwareFoundation.Python.3.13_3.13.2544.0_x64__qbz5n2kfra8p0\Lib\json\__init__.py", line 346, in loads
    return _default_decoder.decode(s)
           ~~~~~~~~~~~~~~~~~~~~~~~^^^
  File "C:\Program Files\WindowsApps\PythonSoftwareFoundation.Python.3.13_3.13.2544.0_x64__qbz5n2kfra8p0\Lib\json\decoder.py", line 345, in decode
    obj, end = self.raw_decode(s, idx=_w(s, 0).end())
               ~~~~~~~~~~~~~~~^^^^^^^^^^^^^^^^^^^^^^^
  File "C:\Program Files\WindowsApps\PythonSoftwareFoundation.Python.3.13_3.13.2544.0_x64__qbz5n2kfra8p0\Lib\json\decoder.py", line 363, in raw_decode
    raise JSONDecodeError("Expecting value", s, err.value) from None
json.decoder.JSONDecodeError: Expecting value: line 1 column 1 (char 0)
2025-11-16 19:40:24,926 [ERROR] core: Error loading field silvalcon: Expecting value: line 1 column 1 (char 0)
Traceback (most recent call last):
  File "C:\Users\cryst\cs3900\capstone-project-25t3-3900-w14b-banana\src\app\muEditFunctions\importer.py", line 192, in import_edited_file
    raw_dict = json.loads(str_val)
  File "C:\Program Files\WindowsApps\PythonSoftwareFoundation.Python.3.13_3.13.2544.0_x64__qbz5n2kfra8p0\Lib\json\__init__.py", line 346, in loads
    return _default_decoder.decode(s)
           ~~~~~~~~~~~~~~~~~~~~~~~^^^
  File "C:\Program Files\WindowsApps\PythonSoftwareFoundation.Python.3.13_3.13.2544.0_x64__qbz5n2kfra8p0\Lib\json\decoder.py", line 345, in decode
    obj, end = self.raw_decode(s, idx=_w(s, 0).end())
               ~~~~~~~~~~~~~~~^^^^^^^^^^^^^^^^^^^^^^^
  File "C:\Program Files\WindowsApps\PythonSoftwareFoundation.Python.3.13_3.13.2544.0_x64__qbz5n2kfra8p0\Lib\json\decoder.py", line 363, in raw_decode
    raise JSONDecodeError("Expecting value", s, err.value) from None
json.decoder.JSONDecodeError: Expecting value: line 1 column 1 (char 0)
2025-11-16 19:40:24,927 [DEBUG] core: File import complete
2025-11-16 19:40:24,927 [ERROR] core: Error setting reference: module 'core.logger' has no attribute 'debug'
Traceback (most recent call last):
  File "C:\Users\cryst\cs3900\capstone-project-25t3-3900-w14b-banana\src\app\MUeditManual.py", line 497, in reference_dropdown_value_changed
    mu_checkbox_state_changed(self)
    ~~~~~~~~~~~~~~~~~~~~~~~~~^^^^^^
  File "C:\Users\cryst\cs3900\capstone-project-25t3-3900-w14b-banana\src\app\muEditFunctions\mu_selection.py", line 155, in mu_checkbox_state_changed
    display_selected_mus(self, checked_mus, pluse_train_color)
    ~~~~~~~~~~~~~~~~~~~~^^^^^^^^^^^^^^^^^^^^^^^^^^^^^^^^^^^^^^
  File "C:\Users\cryst\cs3900\capstone-project-25t3-3900-w14b-banana\src\app\muEditFunctions\mu_selection.py", line 290, in display_selected_mus
    logger.debug("display_selected_mus ")
    ^^^^^^^^^^^^
AttributeError: module 'core.logger' has no attribute 'debug'
2025-11-16 19:40:24,943 [DEBUG] core: Switching to Manual Editing View
2025-11-16 19:40:24,943 [DEBUG] core: successfully navigated to MU editing view with data loaded
2025-11-16 19:40:28,486 [ERROR] core: Missing 'signal' or 'Pulsetrain'
2025-11-16 19:40:28,486 [ERROR] core: The .mat file is missing required fields:
"Missing 'signal' or 'Pulsetrain'"
2025-11-16 19:41:18,436 [DEBUG] core: 2.00
2025-11-16 19:41:18,437 [DEBUG] core: [INFO] Adaptive QT scale factor applied: 2.00
2025-11-16 19:41:18,603 [DEBUG] core: Set up SQLite database successfully
2025-11-16 19:41:21,142 [WARNING] core: MotorUnitAnalysisWidget does not have 'set_export_window_opener' method.
2025-11-16 19:41:21,515 [DEBUG] core: Initializing offline_EMG with save_dir=C:\Users\cryst\cs3900\capstone-project-25t3-3900-w14b-banana\src\app\temp, to_filter=True
2025-11-16 19:41:21,516 [DEBUG] core: Initializing EMG base class
2025-11-16 19:41:21,516 [INFO] core: EMG initialization parameters: its=20, sil_thr=0.9, cov_thr=0.5
2025-11-16 19:41:21,813 [DEBUG] core: creating manual editing view
2025-11-16 19:41:22,141 [DEBUG] core: Switching to Import Data view
2025-11-16 19:42:00,323 [DEBUG] core: Initializing offline_EMG with save_dir=C:\Users\cryst\cs3900\capstone-project-25t3-3900-w14b-banana\src\app\temp, to_filter=True
2025-11-16 19:42:00,323 [DEBUG] core: Initializing EMG base class
2025-11-16 19:42:00,323 [INFO] core: EMG initialization parameters: its=20, sil_thr=0.9, cov_thr=0.5
2025-11-16 19:42:00,323 [DEBUG] core: Opening OTB file: C:/Users/cryst/cs3900/capstone-project-25t3-3900-w14b-banana/data/trial1_20MVC.otb+
2025-11-16 19:42:00,323 [DEBUG] core: openingC:/Users/cryst/cs3900/capstone-project-25t3-3900-w14b-banana/data/trial1_20MVC.otb+
2025-11-16 19:42:00,324 [DEBUG] core: Using temporary directory: C:\Users\cryst\AppData\Local\Temp\tmp1pk0md_z
2025-11-16 19:42:00,324 [DEBUG] core: Extracting OTB archive...
2025-11-16 19:42:00,396 [DEBUG] core: Extraction complete
2025-11-16 19:42:00,396 [DEBUG] core: Found 1 signal files: ['20240313132321_07.sig']
2025-11-16 19:42:00,397 [DEBUG] core: Using signal file: C:\Users\cryst\AppData\Local\Temp\tmp1pk0md_z\20240313132321_07.sig
2025-11-16 19:42:00,397 [DEBUG] core: Using XML file: C:\Users\cryst\AppData\Local\Temp\tmp1pk0md_z\20240313132321_07.xml
2025-11-16 19:42:00,397 [DEBUG] core: Parsing XML configuration...
2025-11-16 19:42:00,412 [DEBUG] core: Parsed XML: fsamp=2048Hz, nADbit=16, nchans=137
2025-11-16 19:42:00,412 [DEBUG] core: Reading EMG data...
2025-11-16 19:42:00,466 [DEBUG] core: EMG data shape: (137, 105357)
2025-11-16 19:42:00,466 [DEBUG] core: Converting data from bits to microvolts...
2025-11-16 19:42:00,621 [DEBUG] core: Conversion complete
2025-11-16 19:42:00,691 [DEBUG] core: Found 3 SIP files: ['C:\\Users\\cryst\\AppData\\Local\\Temp\\tmp1pk0md_z\\trapezoidalpath240313133455409_1.sip', 'C:\\Users\\cryst\\AppData\\Local\\Temp\\tmp1pk0md_z\\trapezoidalpath240313133455409_2.sip', 'C:\\Users\\cryst\\AppData\\Local\\Temp\\tmp1pk0md_z\\trapezoidalpath240313133455409_3.sip']
2025-11-16 19:42:00,692 [DEBUG] core: Reference signals exist, loading target and path data...
2025-11-16 19:42:00,702 [INFO] core: Path data loaded, shape: (105357,)
2025-11-16 19:42:00,712 [INFO] core: Target data loaded, shape: (105357,)
2025-11-16 19:42:01,959 [DEBUG] core: Switching to MU Analysis View
2025-11-16 19:42:01,962 [DEBUG] core: Switching to MU Analysis View
2025-11-16 19:42:09,163 [DEBUG] core: Data saved successfully
2025-11-16 19:42:53,730 [DEBUG] core: Switching to Decomposition View
2025-11-16 19:42:53,736 [DEBUG] core: Switching to Decomposition View
2025-11-16 19:42:55,217 [DEBUG] core: Switching to Import Data view
2025-11-16 19:42:55,219 [DEBUG] core: Switching to Import Data view
2025-11-16 19:42:57,187 [DEBUG] core: Creating decomposition view with provided data
2025-11-16 19:42:57,523 [DEBUG] core: Switching to Decomposition View
2025-11-16 19:43:01,706 [INFO] core: Algorithm chosen: Fast ICA
2025-11-16 19:43:01,706 [DEBUG] core: {'checkEMG': 1, 'peeloff': 1, 'covfilter': 1, 'initialization': 1, 'refineMU': 1, 'duplicatesbgrids': 1, 'NITER': 3, 'nwindows': 1, 'thresholdtarget': 0.9, 'nbextchan': 1000, 'duplicatesthresh': 0.3, 'silthr': 0.9, 'covthr': 0.5, 'CoVDR': 0.3, 'edges': 0.2, 'contrastfunc': 'skew', 'peeloffwin': 0.025, 'differentialmode': 0, 'drawingmode': 0, 'enable_plots': True}
2025-11-16 19:43:01,712 [DEBUG] core: Starting electrode formatting
2025-11-16 19:43:01,712 [DEBUG] core: Grid names: ['GR04MM1305', 'GR04MM1305']
2025-11-16 19:43:01,713 [DEBUG] core: Initialized filtered_data with shape (128, 105357)
2025-11-16 19:43:01,713 [DEBUG] core: 
Processing grid 1/2: GR04MM1305
2025-11-16 19:43:01,713 [DEBUG] core: Configuring GR04MM1305 (4mm grid)
2025-11-16 19:43:01,713 [DEBUG] core: Set coordinates for electrode 0, shape: (64, 2)
2025-11-16 19:43:01,714 [DEBUG] core: Electrode 0 dimensions: rows=13, columns=5
2025-11-16 19:43:01,714 [DEBUG] core: Filtering data for electrode 1...
2025-11-16 19:43:01,715 [DEBUG] core: Applying notch filter to electrode 1...
2025-11-16 19:43:02,777 [DEBUG] core: Applying bandpass filter to electrode 1 with type surface...
2025-11-16 19:43:02,926 [DEBUG] core: 
Processing grid 2/2: GR04MM1305
2025-11-16 19:43:02,926 [DEBUG] core: Configuring GR04MM1305 (4mm grid)
2025-11-16 19:43:02,927 [DEBUG] core: Set coordinates for electrode 1, shape: (64, 2)
2025-11-16 19:43:02,927 [DEBUG] core: Electrode 1 dimensions: rows=13, columns=5
2025-11-16 19:43:02,927 [DEBUG] core: Filtering data for electrode 2...
2025-11-16 19:43:02,927 [DEBUG] core: Applying notch filter to electrode 2...
2025-11-16 19:43:04,828 [DEBUG] core: Applying bandpass filter to electrode 2 with type surface...
2025-11-16 19:43:05,104 [DEBUG] core: Electrode formatting results:
2025-11-16 19:43:05,104 [DEBUG] core:   - c_maps: [5, 5]
2025-11-16 19:43:05,104 [DEBUG] core:   - r_maps: [13, 13]
2025-11-16 19:43:05,104 [DEBUG] core:   - IEDs: [4, 4]
2025-11-16 19:43:05,104 [DEBUG] core:   - Channels per electrode: [64, 64]
2025-11-16 19:43:05,104 [DEBUG] core:   - EMG types: ['surface', 'surface']
2025-11-16 19:43:05,105 [DEBUG] core: Starting channel rejection
2025-11-16 19:43:05,105 [DEBUG] core: Channel rejection completed - 0 channels rejected
2025-11-16 19:43:05,111 [DEBUG] core: Starting signal batching with target
2025-11-16 19:43:05,122 [INFO] core: Plateau range: 34688 to 69631, length: 34944
2025-11-16 19:43:05,123 [INFO] core: Single window with continuous plateau
2025-11-16 19:43:05,123 [INFO] core: Number of intervals: 1
2025-11-16 19:43:05,123 [DEBUG] core: Batching grid 1/2
2025-11-16 19:43:05,129 [DEBUG] core: Batching grid 2/2
2025-11-16 19:43:05,137 [DEBUG] core: Created 2 batched data segments
2025-11-16 19:43:05,612 [DEBUG] core: Starting convolutive sphering for electrode 1, interval 1
2025-11-16 19:43:05,724 [DEBUG] core: Data saved successfully
2025-11-16 19:43:12,118 [DEBUG] core: Completed convolutive sphering for electrode 1, interval 1
2025-11-16 19:43:12,118 [DEBUG] core: Starting FastICA for electrode 1, interval 1, contrast=skew, iterations=3
2025-11-16 19:43:18,060 [DEBUG] core: Iteration 1/3 - SIL: 0.9501, CoV: 0.1558, Spikes: 173
2025-11-16 19:43:23,620 [DEBUG] core: Iteration 2/3 - SIL: 0.9590, CoV: 0.1149, Spikes: 191
2025-11-16 19:43:36,545 [DEBUG] core: Iteration 3/3 - SIL: 0.9362, CoV: 0.1743, Spikes: 226
2025-11-16 19:43:36,546 [DEBUG] core: 
Applying thresholds to MU filters...
2025-11-16 19:43:36,546 [INFO] core: Units meeting both criteria: 3/3
2025-11-16 19:43:36,547 [INFO] core: Extracted 3 motor units that meet thresholds
2025-11-16 19:43:36,547 [DEBUG] core: FastICA and CKC completed for electrode 1, interval 1
2025-11-16 19:43:36,589 [DEBUG] core: Starting post-processing for electrode 1
2025-11-16 19:43:36,639 [DEBUG] core: Batch processing MU#1 out of 3 MUs
2025-11-16 19:43:36,681 [DEBUG] core: Batch processing MU#2 out of 3 MUs
2025-11-16 19:43:36,723 [DEBUG] core: Batch processing MU#3 out of 3 MUs
2025-11-16 19:43:36,723 [INFO] core: Found 3 motor units
2025-11-16 19:43:37,035 [INFO] core: After duplicate removal: 3 motor units
2025-11-16 19:43:43,564 [DEBUG] core: Refined 3 MUs
2025-11-16 19:43:43,749 [INFO] core: Adding 3 pulse trains to results
2025-11-16 19:43:43,749 [DEBUG] core: Post-processing completed for electrode 1
2025-11-16 19:43:44,385 [DEBUG] core: Starting convolutive sphering for electrode 2, interval 1
2025-11-16 19:43:51,026 [DEBUG] core: Completed convolutive sphering for electrode 2, interval 1
2025-11-16 19:43:51,026 [DEBUG] core: Starting FastICA for electrode 2, interval 1, contrast=skew, iterations=3
2025-11-16 19:44:07,380 [DEBUG] core: Iteration 1/3 - SIL: 0.9603, CoV: 0.1746, Spikes: 200
2025-11-16 19:44:16,457 [DEBUG] core: Iteration 2/3 - SIL: 0.9660, CoV: 0.1639, Spikes: 190
2025-11-16 19:44:23,100 [DEBUG] core: Iteration 3/3 - SIL: 0.9561, CoV: 0.2740, Spikes: 48
2025-11-16 19:44:23,100 [DEBUG] core: 
Applying thresholds to MU filters...
2025-11-16 19:44:23,100 [INFO] core: Units meeting both criteria: 3/3
2025-11-16 19:44:23,101 [INFO] core: Extracted 3 motor units that meet thresholds
2025-11-16 19:44:23,101 [DEBUG] core: FastICA and CKC completed for electrode 2, interval 1
2025-11-16 19:44:23,118 [DEBUG] core: Starting post-processing for electrode 2
2025-11-16 19:44:23,150 [DEBUG] core: Batch processing MU#1 out of 3 MUs
2025-11-16 19:44:23,184 [DEBUG] core: Batch processing MU#2 out of 3 MUs
2025-11-16 19:44:23,217 [DEBUG] core: Batch processing MU#3 out of 3 MUs
2025-11-16 19:44:23,217 [INFO] core: Found 3 motor units
2025-11-16 19:44:23,391 [INFO] core: After duplicate removal: 3 motor units
2025-11-16 19:44:29,072 [DEBUG] core: Refined 3 MUs
2025-11-16 19:44:29,184 [INFO] core: Adding 3 pulse trains to results
2025-11-16 19:44:29,185 [DEBUG] core: Post-processing completed for electrode 2
2025-11-16 19:44:29,185 [DEBUG] core: Starting post-processing across arrays
2025-11-16 19:44:29,185 [DEBUG] core: Duplicate between grids: 1
2025-11-16 19:44:29,189 [INFO] core: Found 2 electrode arrays with data
2025-11-16 19:44:29,189 [INFO] core: Array 1 has 3 motor units
2025-11-16 19:44:29,189 [INFO] core: Array 2 has 3 motor units
2025-11-16 19:44:29,189 [INFO] core: Total motor unit count: 6
2025-11-16 19:44:29,190 [DEBUG] core: Consolidating motor units from all arrays...
2025-11-16 19:44:29,191 [DEBUG] core: Removing duplicates across arrays...
2025-11-16 19:44:30,099 [INFO] core: After duplicate removal: 5 motor units
2025-11-16 19:44:30,100 [DEBUG] core: Regrouping motor units by electrode...
2025-11-16 19:44:30,100 [INFO] core: Found 2 MUs for array 1
2025-11-16 19:44:30,101 [INFO] core: Found 3 MUs for array 2
2025-11-16 19:44:30,102 [DEBUG] core: Processing across electrodes complete
2025-11-16 19:44:30,598 [DEBUG] core: Starting save_state()
2025-11-16 19:44:30,599 [DEBUG] core: Ensuring state directory exists at: C:\Users\cryst\hdemg_states
2025-11-16 19:44:30,599 [DEBUG] core: Generated default state name: 20251116_194430_trial1_20MVC.otb+
2025-11-16 19:44:30,599 [DEBUG] core: Preparing state for file: trial1_20MVC.otb+
2025-11-16 19:44:30,600 [INFO] core: Detected 5 motor units
2025-11-16 19:44:30,600 [INFO] core: EMG data extracted for channel viewer: (128, 105357)
2025-11-16 19:44:31,396 [DEBUG] core: Saving serialized state to C:\Users\cryst\hdemg_states\20251116_194430_trial1_20MVC.otb+.decomp
2025-11-16 19:44:32,240 [INFO] core: State saved successfully to C:\Users\cryst\hdemg_states\20251116_194430_trial1_20MVC.otb+.decomp
2025-11-16 19:44:32,542 [DEBUG] core: Parent exists but does not have add_recent_visualization method
2025-11-16 19:44:48,712 [DEBUG] core: navigating to editing mode with file: trial1_20MVC.otb+_fixed_for_editing.mat
2025-11-16 19:44:49,132 [ERROR] core: Error loading field Dischargetimes: Expecting value: line 1 column 1 (char 0)
Traceback (most recent call last):
  File "C:\Users\cryst\cs3900\capstone-project-25t3-3900-w14b-banana\src\app\muEditFunctions\importer.py", line 192, in import_edited_file
    raw_dict = json.loads(str_val)
  File "C:\Program Files\WindowsApps\PythonSoftwareFoundation.Python.3.13_3.13.2544.0_x64__qbz5n2kfra8p0\Lib\json\__init__.py", line 346, in loads
    return _default_decoder.decode(s)
           ~~~~~~~~~~~~~~~~~~~~~~~^^^
  File "C:\Program Files\WindowsApps\PythonSoftwareFoundation.Python.3.13_3.13.2544.0_x64__qbz5n2kfra8p0\Lib\json\decoder.py", line 345, in decode
    obj, end = self.raw_decode(s, idx=_w(s, 0).end())
               ~~~~~~~~~~~~~~~^^^^^^^^^^^^^^^^^^^^^^^
  File "C:\Program Files\WindowsApps\PythonSoftwareFoundation.Python.3.13_3.13.2544.0_x64__qbz5n2kfra8p0\Lib\json\decoder.py", line 363, in raw_decode
    raise JSONDecodeError("Expecting value", s, err.value) from None
json.decoder.JSONDecodeError: Expecting value: line 1 column 1 (char 0)
2025-11-16 19:44:49,141 [ERROR] core: Error loading field silval: Expecting value: line 1 column 1 (char 0)
Traceback (most recent call last):
  File "C:\Users\cryst\cs3900\capstone-project-25t3-3900-w14b-banana\src\app\muEditFunctions\importer.py", line 192, in import_edited_file
    raw_dict = json.loads(str_val)
  File "C:\Program Files\WindowsApps\PythonSoftwareFoundation.Python.3.13_3.13.2544.0_x64__qbz5n2kfra8p0\Lib\json\__init__.py", line 346, in loads
    return _default_decoder.decode(s)
           ~~~~~~~~~~~~~~~~~~~~~~~^^^
  File "C:\Program Files\WindowsApps\PythonSoftwareFoundation.Python.3.13_3.13.2544.0_x64__qbz5n2kfra8p0\Lib\json\decoder.py", line 345, in decode
    obj, end = self.raw_decode(s, idx=_w(s, 0).end())
               ~~~~~~~~~~~~~~~^^^^^^^^^^^^^^^^^^^^^^^
  File "C:\Program Files\WindowsApps\PythonSoftwareFoundation.Python.3.13_3.13.2544.0_x64__qbz5n2kfra8p0\Lib\json\decoder.py", line 363, in raw_decode
    raise JSONDecodeError("Expecting value", s, err.value) from None
json.decoder.JSONDecodeError: Expecting value: line 1 column 1 (char 0)
2025-11-16 19:44:49,141 [ERROR] core: Error loading field silvalcon: Expecting value: line 1 column 1 (char 0)
Traceback (most recent call last):
  File "C:\Users\cryst\cs3900\capstone-project-25t3-3900-w14b-banana\src\app\muEditFunctions\importer.py", line 192, in import_edited_file
    raw_dict = json.loads(str_val)
  File "C:\Program Files\WindowsApps\PythonSoftwareFoundation.Python.3.13_3.13.2544.0_x64__qbz5n2kfra8p0\Lib\json\__init__.py", line 346, in loads
    return _default_decoder.decode(s)
           ~~~~~~~~~~~~~~~~~~~~~~~^^^
  File "C:\Program Files\WindowsApps\PythonSoftwareFoundation.Python.3.13_3.13.2544.0_x64__qbz5n2kfra8p0\Lib\json\decoder.py", line 345, in decode
    obj, end = self.raw_decode(s, idx=_w(s, 0).end())
               ~~~~~~~~~~~~~~~^^^^^^^^^^^^^^^^^^^^^^^
  File "C:\Program Files\WindowsApps\PythonSoftwareFoundation.Python.3.13_3.13.2544.0_x64__qbz5n2kfra8p0\Lib\json\decoder.py", line 363, in raw_decode
    raise JSONDecodeError("Expecting value", s, err.value) from None
json.decoder.JSONDecodeError: Expecting value: line 1 column 1 (char 0)
2025-11-16 19:44:49,142 [DEBUG] core: File import complete
2025-11-16 19:44:49,154 [DEBUG] core: Switching to Manual Editing View
2025-11-16 19:44:49,162 [DEBUG] core: successfully navigated to MU editing view with data loaded
2025-11-16 19:45:27,714 [DEBUG] core: Switching to Import Data view
2025-11-16 19:45:27,719 [DEBUG] core: Switching to Import Data view
2025-11-16 19:47:32,428 [DEBUG] core: 2.00
2025-11-16 19:47:32,428 [DEBUG] core: [INFO] Adaptive QT scale factor applied: 2.00
2025-11-16 19:47:32,566 [DEBUG] core: Set up SQLite database successfully
2025-11-16 19:47:34,433 [WARNING] core: MotorUnitAnalysisWidget does not have 'set_export_window_opener' method.
2025-11-16 19:47:34,588 [DEBUG] core: Initializing offline_EMG with save_dir=C:\Users\cryst\cs3900\capstone-project-25t3-3900-w14b-banana\src\app\temp, to_filter=True
2025-11-16 19:47:34,588 [DEBUG] core: Initializing EMG base class
2025-11-16 19:47:34,588 [INFO] core: EMG initialization parameters: its=20, sil_thr=0.9, cov_thr=0.5
2025-11-16 19:47:34,691 [DEBUG] core: creating manual editing view
2025-11-16 19:47:34,836 [DEBUG] core: Switching to Import Data view
2025-11-16 19:47:42,340 [DEBUG] core: Switching to Import Data view
2025-11-16 19:47:42,341 [DEBUG] core: Switching to Import Data view
2025-11-16 19:47:42,882 [DEBUG] core: Switching to Decomposition View
2025-11-16 19:47:42,888 [DEBUG] core: Switching to Decomposition View
2025-11-16 19:47:43,928 [DEBUG] core: Switching to MU Analysis View
2025-11-16 19:47:43,930 [DEBUG] core: Switching to MU Analysis View
2025-11-16 19:47:44,981 [DEBUG] core: Switching to Manual Editing View
2025-11-16 19:47:44,989 [DEBUG] core: Switching to Manual Editing View
2025-11-16 19:47:45,838 [DEBUG] core: Switching to MU Analysis View
2025-11-16 19:47:45,843 [DEBUG] core: Switching to MU Analysis View
2025-11-16 19:47:46,507 [DEBUG] core: Switching to Import Data view
2025-11-16 19:47:46,510 [DEBUG] core: Switching to Import Data view
2025-11-16 19:47:54,542 [DEBUG] core: Initializing offline_EMG with save_dir=C:\Users\cryst\cs3900\capstone-project-25t3-3900-w14b-banana\src\app\temp, to_filter=True
2025-11-16 19:47:54,542 [DEBUG] core: Initializing EMG base class
2025-11-16 19:47:54,542 [INFO] core: EMG initialization parameters: its=20, sil_thr=0.9, cov_thr=0.5
2025-11-16 19:47:54,542 [DEBUG] core: Opening OTB file: C:/Users/cryst/cs3900/capstone-project-25t3-3900-w14b-banana/data/trial1_40MVC.otb+
2025-11-16 19:47:54,542 [DEBUG] core: openingC:/Users/cryst/cs3900/capstone-project-25t3-3900-w14b-banana/data/trial1_40MVC.otb+
2025-11-16 19:47:54,542 [DEBUG] core: Using temporary directory: C:\Users\cryst\AppData\Local\Temp\tmpqeo4n4zi
2025-11-16 19:47:54,542 [DEBUG] core: Extracting OTB archive...
2025-11-16 19:47:54,619 [DEBUG] core: Extraction complete
2025-11-16 19:47:54,619 [DEBUG] core: Found 1 signal files: ['20240313130732_03.sig']
2025-11-16 19:47:54,619 [DEBUG] core: Using signal file: C:\Users\cryst\AppData\Local\Temp\tmpqeo4n4zi\20240313130732_03.sig
2025-11-16 19:47:54,619 [DEBUG] core: Using XML file: C:\Users\cryst\AppData\Local\Temp\tmpqeo4n4zi\20240313130732_03.xml
2025-11-16 19:47:54,619 [DEBUG] core: Parsing XML configuration...
2025-11-16 19:47:54,634 [DEBUG] core: Parsed XML: fsamp=2048Hz, nADbit=16, nchans=137
2025-11-16 19:47:54,634 [DEBUG] core: Reading EMG data...
2025-11-16 19:47:54,690 [DEBUG] core: EMG data shape: (137, 121323)
2025-11-16 19:47:54,690 [DEBUG] core: Converting data from bits to microvolts...
2025-11-16 19:47:54,918 [DEBUG] core: Conversion complete
2025-11-16 19:47:55,007 [DEBUG] core: Found 3 SIP files: ['C:\\Users\\cryst\\AppData\\Local\\Temp\\tmpqeo4n4zi\\trapezoidalpath240313131522189_1.sip', 'C:\\Users\\cryst\\AppData\\Local\\Temp\\tmpqeo4n4zi\\trapezoidalpath240313131522189_2.sip', 'C:\\Users\\cryst\\AppData\\Local\\Temp\\tmpqeo4n4zi\\trapezoidalpath240313131522189_3.sip']
2025-11-16 19:47:55,007 [DEBUG] core: Reference signals exist, loading target and path data...
2025-11-16 19:47:55,019 [INFO] core: Path data loaded, shape: (121323,)
2025-11-16 19:47:55,033 [INFO] core: Target data loaded, shape: (121323,)
2025-11-16 19:47:56,667 [DEBUG] core: Creating decomposition view with provided data
2025-11-16 19:47:57,149 [DEBUG] core: Switching to Decomposition View
2025-11-16 19:48:03,570 [DEBUG] core: Data saved successfully
2025-11-16 19:48:04,556 [INFO] core: Algorithm chosen: Fast ICA
2025-11-16 19:48:04,556 [DEBUG] core: {'checkEMG': 1, 'peeloff': 1, 'covfilter': 1, 'initialization': 1, 'refineMU': 1, 'duplicatesbgrids': 1, 'NITER': 3, 'nwindows': 1, 'thresholdtarget': 0.9, 'nbextchan': 1000, 'duplicatesthresh': 0.3, 'silthr': 0.9, 'covthr': 0.5, 'CoVDR': 0.3, 'edges': 0.2, 'contrastfunc': 'skew', 'peeloffwin': 0.025, 'differentialmode': 0, 'drawingmode': 0, 'enable_plots': True}
2025-11-16 19:48:04,561 [DEBUG] core: Starting electrode formatting
2025-11-16 19:48:04,562 [DEBUG] core: Grid names: ['GR04MM1305', 'GR04MM1305']
2025-11-16 19:48:04,563 [DEBUG] core: Initialized filtered_data with shape (128, 121323)
2025-11-16 19:48:04,563 [DEBUG] core: 
Processing grid 1/2: GR04MM1305
2025-11-16 19:48:04,563 [DEBUG] core: Configuring GR04MM1305 (4mm grid)
2025-11-16 19:48:04,563 [DEBUG] core: Set coordinates for electrode 0, shape: (64, 2)
2025-11-16 19:48:04,563 [DEBUG] core: Electrode 0 dimensions: rows=13, columns=5
2025-11-16 19:48:04,563 [DEBUG] core: Filtering data for electrode 1...
2025-11-16 19:48:04,564 [DEBUG] core: Applying notch filter to electrode 1...
2025-11-16 19:48:05,145 [DEBUG] core: Data saved successfully
2025-11-16 19:48:06,109 [DEBUG] core: Applying bandpass filter to electrode 1 with type surface...
2025-11-16 19:48:06,261 [DEBUG] core: 
Processing grid 2/2: GR04MM1305
2025-11-16 19:48:06,262 [DEBUG] core: Configuring GR04MM1305 (4mm grid)
2025-11-16 19:48:06,262 [DEBUG] core: Set coordinates for electrode 1, shape: (64, 2)
2025-11-16 19:48:06,262 [DEBUG] core: Electrode 1 dimensions: rows=13, columns=5
2025-11-16 19:48:06,262 [DEBUG] core: Filtering data for electrode 2...
2025-11-16 19:48:06,262 [DEBUG] core: Applying notch filter to electrode 2...
2025-11-16 19:48:09,776 [DEBUG] core: Applying bandpass filter to electrode 2 with type surface...
2025-11-16 19:48:10,012 [DEBUG] core: Electrode formatting results:
2025-11-16 19:48:10,012 [DEBUG] core:   - c_maps: [5, 5]
2025-11-16 19:48:10,013 [DEBUG] core:   - r_maps: [13, 13]
2025-11-16 19:48:10,013 [DEBUG] core:   - IEDs: [4, 4]
2025-11-16 19:48:10,013 [DEBUG] core:   - Channels per electrode: [64, 64]
2025-11-16 19:48:10,013 [DEBUG] core:   - EMG types: ['surface', 'surface']
2025-11-16 19:48:10,013 [DEBUG] core: Starting channel rejection
2025-11-16 19:48:10,017 [DEBUG] core: Channel rejection completed - 0 channels rejected
2025-11-16 19:48:10,017 [DEBUG] core: Starting signal batching with target
2025-11-16 19:48:10,031 [INFO] core: Plateau range: 43904 to 78847, length: 34944
2025-11-16 19:48:10,031 [INFO] core: Single window with continuous plateau
2025-11-16 19:48:10,031 [INFO] core: Number of intervals: 1
2025-11-16 19:48:10,032 [DEBUG] core: Batching grid 1/2
2025-11-16 19:48:10,038 [DEBUG] core: Batching grid 2/2
2025-11-16 19:48:10,044 [DEBUG] core: Created 2 batched data segments
2025-11-16 19:48:10,463 [DEBUG] core: Starting convolutive sphering for electrode 1, interval 1
2025-11-16 19:48:17,203 [DEBUG] core: Completed convolutive sphering for electrode 1, interval 1
2025-11-16 19:48:17,203 [DEBUG] core: Starting FastICA for electrode 1, interval 1, contrast=skew, iterations=3
2025-11-16 19:48:27,020 [DEBUG] core: Iteration 1/3 - SIL: 0.9452, CoV: 0.1919, Spikes: 188
2025-11-16 19:48:32,471 [DEBUG] core: Iteration 2/3 - SIL: 0.9641, CoV: 0.2800, Spikes: 175
2025-11-16 19:48:35,571 [DEBUG] core: Iteration 3/3 - SIL: 0.8890, CoV: 0.4360, Spikes: 217
2025-11-16 19:48:35,571 [DEBUG] core: 
Applying thresholds to MU filters...
2025-11-16 19:48:35,571 [INFO] core: Units meeting both criteria: 2/3
2025-11-16 19:48:35,572 [INFO] core: Extracted 2 motor units that meet thresholds
2025-11-16 19:48:35,572 [DEBUG] core: FastICA and CKC completed for electrode 1, interval 1
2025-11-16 19:48:35,606 [DEBUG] core: Starting post-processing for electrode 1
2025-11-16 19:48:35,645 [DEBUG] core: Batch processing MU#1 out of 2 MUs
2025-11-16 19:48:35,679 [DEBUG] core: Batch processing MU#2 out of 2 MUs
2025-11-16 19:48:35,679 [INFO] core: Found 2 motor units
2025-11-16 19:48:35,753 [INFO] core: After duplicate removal: 2 motor units
2025-11-16 19:48:42,186 [DEBUG] core: Refined 2 MUs
2025-11-16 19:48:42,372 [INFO] core: Adding 2 pulse trains to results
2025-11-16 19:48:42,372 [DEBUG] core: Post-processing completed for electrode 1
2025-11-16 19:48:42,980 [DEBUG] core: Starting convolutive sphering for electrode 2, interval 1
2025-11-16 19:48:50,387 [DEBUG] core: Completed convolutive sphering for electrode 2, interval 1
2025-11-16 19:48:50,387 [DEBUG] core: Starting FastICA for electrode 2, interval 1, contrast=skew, iterations=3
2025-11-16 19:48:54,069 [DEBUG] core: Iteration 1/3 - SIL: 0.9523, CoV: 0.1907, Spikes: 243
2025-11-16 19:49:01,425 [DEBUG] core: Iteration 2/3 - SIL: 0.9558, CoV: 0.1190, Spikes: 213
2025-11-16 19:49:12,995 [DEBUG] core: Iteration 3/3 - SIL: 0.9669, CoV: 0.1516, Spikes: 248
2025-11-16 19:49:12,996 [DEBUG] core: 
Applying thresholds to MU filters...
2025-11-16 19:49:12,996 [INFO] core: Units meeting both criteria: 3/3
2025-11-16 19:49:12,997 [INFO] core: Extracted 3 motor units that meet thresholds
2025-11-16 19:49:12,997 [DEBUG] core: FastICA and CKC completed for electrode 2, interval 1
2025-11-16 19:49:13,035 [DEBUG] core: Starting post-processing for electrode 2
2025-11-16 19:49:13,087 [DEBUG] core: Batch processing MU#1 out of 3 MUs
2025-11-16 19:49:13,128 [DEBUG] core: Batch processing MU#2 out of 3 MUs
2025-11-16 19:49:13,169 [DEBUG] core: Batch processing MU#3 out of 3 MUs
2025-11-16 19:49:13,170 [INFO] core: Found 3 motor units
2025-11-16 19:49:13,500 [INFO] core: After duplicate removal: 3 motor units
2025-11-16 19:49:19,076 [DEBUG] core: Refined 3 MUs
2025-11-16 19:49:19,218 [INFO] core: Adding 3 pulse trains to results
2025-11-16 19:49:19,218 [DEBUG] core: Post-processing completed for electrode 2
2025-11-16 19:49:19,218 [DEBUG] core: Starting post-processing across arrays
2025-11-16 19:49:19,218 [DEBUG] core: Duplicate between grids: 1
2025-11-16 19:49:19,218 [INFO] core: Found 2 electrode arrays with data
2025-11-16 19:49:19,221 [INFO] core: Array 1 has 2 motor units
2025-11-16 19:49:19,221 [INFO] core: Array 2 has 3 motor units
2025-11-16 19:49:19,221 [INFO] core: Total motor unit count: 5
2025-11-16 19:49:19,221 [DEBUG] core: Consolidating motor units from all arrays...
2025-11-16 19:49:19,223 [DEBUG] core: Removing duplicates across arrays...
2025-11-16 19:49:19,590 [INFO] core: After duplicate removal: 5 motor units
2025-11-16 19:49:19,590 [DEBUG] core: Regrouping motor units by electrode...
2025-11-16 19:49:19,590 [INFO] core: Found 2 MUs for array 1
2025-11-16 19:49:19,591 [INFO] core: Found 3 MUs for array 2
2025-11-16 19:49:19,591 [DEBUG] core: Processing across electrodes complete
2025-11-16 19:49:19,902 [DEBUG] core: Starting save_state()
2025-11-16 19:49:19,903 [DEBUG] core: Ensuring state directory exists at: C:\Users\cryst\hdemg_states
2025-11-16 19:49:19,903 [DEBUG] core: Generated default state name: 20251116_194919_trial1_40MVC.otb+
2025-11-16 19:49:19,903 [DEBUG] core: Preparing state for file: trial1_40MVC.otb+
2025-11-16 19:49:19,903 [INFO] core: Detected 5 motor units
2025-11-16 19:49:19,903 [INFO] core: EMG data extracted for channel viewer: (128, 121323)
2025-11-16 19:49:20,434 [DEBUG] core: Saving serialized state to C:\Users\cryst\hdemg_states\20251116_194919_trial1_40MVC.otb+.decomp
2025-11-16 19:49:21,325 [INFO] core: State saved successfully to C:\Users\cryst\hdemg_states\20251116_194919_trial1_40MVC.otb+.decomp
2025-11-16 19:49:21,594 [DEBUG] core: Parent exists but does not have add_recent_visualization method
2025-11-16 19:49:45,370 [DEBUG] core: navigating to editing mode with file: trial1_40MVC.otb+_fixed_for_editing.mat
2025-11-16 19:49:45,855 [ERROR] core: Error loading field Dischargetimes: Expecting value: line 1 column 1 (char 0)
Traceback (most recent call last):
  File "C:\Users\cryst\cs3900\capstone-project-25t3-3900-w14b-banana\src\app\muEditFunctions\importer.py", line 192, in import_edited_file
    raw_dict = json.loads(str_val)
  File "C:\Program Files\WindowsApps\PythonSoftwareFoundation.Python.3.13_3.13.2544.0_x64__qbz5n2kfra8p0\Lib\json\__init__.py", line 346, in loads
    return _default_decoder.decode(s)
           ~~~~~~~~~~~~~~~~~~~~~~~^^^
  File "C:\Program Files\WindowsApps\PythonSoftwareFoundation.Python.3.13_3.13.2544.0_x64__qbz5n2kfra8p0\Lib\json\decoder.py", line 345, in decode
    obj, end = self.raw_decode(s, idx=_w(s, 0).end())
               ~~~~~~~~~~~~~~~^^^^^^^^^^^^^^^^^^^^^^^
  File "C:\Program Files\WindowsApps\PythonSoftwareFoundation.Python.3.13_3.13.2544.0_x64__qbz5n2kfra8p0\Lib\json\decoder.py", line 363, in raw_decode
    raise JSONDecodeError("Expecting value", s, err.value) from None
json.decoder.JSONDecodeError: Expecting value: line 1 column 1 (char 0)
2025-11-16 19:49:45,860 [ERROR] core: Error loading field silval: Expecting value: line 1 column 1 (char 0)
Traceback (most recent call last):
  File "C:\Users\cryst\cs3900\capstone-project-25t3-3900-w14b-banana\src\app\muEditFunctions\importer.py", line 192, in import_edited_file
    raw_dict = json.loads(str_val)
  File "C:\Program Files\WindowsApps\PythonSoftwareFoundation.Python.3.13_3.13.2544.0_x64__qbz5n2kfra8p0\Lib\json\__init__.py", line 346, in loads
    return _default_decoder.decode(s)
           ~~~~~~~~~~~~~~~~~~~~~~~^^^
  File "C:\Program Files\WindowsApps\PythonSoftwareFoundation.Python.3.13_3.13.2544.0_x64__qbz5n2kfra8p0\Lib\json\decoder.py", line 345, in decode
    obj, end = self.raw_decode(s, idx=_w(s, 0).end())
               ~~~~~~~~~~~~~~~^^^^^^^^^^^^^^^^^^^^^^^
  File "C:\Program Files\WindowsApps\PythonSoftwareFoundation.Python.3.13_3.13.2544.0_x64__qbz5n2kfra8p0\Lib\json\decoder.py", line 363, in raw_decode
    raise JSONDecodeError("Expecting value", s, err.value) from None
json.decoder.JSONDecodeError: Expecting value: line 1 column 1 (char 0)
2025-11-16 19:49:45,861 [ERROR] core: Error loading field silvalcon: Expecting value: line 1 column 1 (char 0)
Traceback (most recent call last):
  File "C:\Users\cryst\cs3900\capstone-project-25t3-3900-w14b-banana\src\app\muEditFunctions\importer.py", line 192, in import_edited_file
    raw_dict = json.loads(str_val)
  File "C:\Program Files\WindowsApps\PythonSoftwareFoundation.Python.3.13_3.13.2544.0_x64__qbz5n2kfra8p0\Lib\json\__init__.py", line 346, in loads
    return _default_decoder.decode(s)
           ~~~~~~~~~~~~~~~~~~~~~~~^^^
  File "C:\Program Files\WindowsApps\PythonSoftwareFoundation.Python.3.13_3.13.2544.0_x64__qbz5n2kfra8p0\Lib\json\decoder.py", line 345, in decode
    obj, end = self.raw_decode(s, idx=_w(s, 0).end())
               ~~~~~~~~~~~~~~~^^^^^^^^^^^^^^^^^^^^^^^
  File "C:\Program Files\WindowsApps\PythonSoftwareFoundation.Python.3.13_3.13.2544.0_x64__qbz5n2kfra8p0\Lib\json\decoder.py", line 363, in raw_decode
    raise JSONDecodeError("Expecting value", s, err.value) from None
json.decoder.JSONDecodeError: Expecting value: line 1 column 1 (char 0)
2025-11-16 19:49:45,862 [DEBUG] core: File import complete
2025-11-16 19:49:45,881 [DEBUG] core: Switching to Manual Editing View
2025-11-16 19:49:45,891 [DEBUG] core: successfully navigated to MU editing view with data loaded
